Archive member included because of file (symbol)

c:/winavr/bin/../lib/gcc/avr/4.3.3/avr5\libgcc.a(_mulsi3.o)
                              ./app/rtc_app.o (__mulsi3)
c:/winavr/bin/../lib/gcc/avr/4.3.3/avr5\libgcc.a(_udivmodqi4.o)
                              ./hal/rtc/ds3231_program.o (__udivmodqi4)
c:/winavr/bin/../lib/gcc/avr/4.3.3/avr5\libgcc.a(_udivmodhi4.o)
                              ./hal/rtc/ds3231_program.o (__udivmodhi4)
c:/winavr/bin/../lib/gcc/avr/4.3.3/avr5\libgcc.a(_udivmodsi4.o)
                              ./mcal/twi/twi_program.o (__udivmodsi4)
c:/winavr/bin/../lib/gcc/avr/4.3.3/avr5\libgcc.a(_exit.o)
                              c:/winavr/bin/../lib/gcc/avr/4.3.3/../../../../avr/lib/avr5/crtm32.o (exit)
c:/winavr/bin/../lib/gcc/avr/4.3.3/avr5\libgcc.a(_copy_data.o)
                              ./hal/keypad/keypad_program.o (__do_copy_data)
c:/winavr/bin/../lib/gcc/avr/4.3.3/avr5\libgcc.a(_clear_bss.o)
                              ./mcal/timer0/timer0_program.o (__do_clear_bss)
c:/winavr/bin/../lib/gcc/avr/4.3.3/avr5\libgcc.a(_fixunssfsi.o)
                              ./hal/lcd/lcd_program.o (__fixunssfsi)
c:/winavr/bin/../lib/gcc/avr/4.3.3/avr5\libgcc.a(_addsub_sf.o)
                              c:/winavr/bin/../lib/gcc/avr/4.3.3/avr5\libgcc.a(_fixunssfsi.o) (__subsf3)
c:/winavr/bin/../lib/gcc/avr/4.3.3/avr5\libgcc.a(_mul_sf.o)
                              ./hal/lcd/lcd_program.o (__mulsf3)
c:/winavr/bin/../lib/gcc/avr/4.3.3/avr5\libgcc.a(_div_sf.o)
                              ./hal/lcd/lcd_program.o (__divsf3)
c:/winavr/bin/../lib/gcc/avr/4.3.3/avr5\libgcc.a(_gt_sf.o)
                              ./hal/lcd/lcd_program.o (__gtsf2)
c:/winavr/bin/../lib/gcc/avr/4.3.3/avr5\libgcc.a(_ge_sf.o)
                              c:/winavr/bin/../lib/gcc/avr/4.3.3/avr5\libgcc.a(_fixunssfsi.o) (__gesf2)
c:/winavr/bin/../lib/gcc/avr/4.3.3/avr5\libgcc.a(_lt_sf.o)
                              ./hal/lcd/lcd_program.o (__ltsf2)
c:/winavr/bin/../lib/gcc/avr/4.3.3/avr5\libgcc.a(_sf_to_si.o)
                              c:/winavr/bin/../lib/gcc/avr/4.3.3/avr5\libgcc.a(_fixunssfsi.o) (__fixsfsi)
c:/winavr/bin/../lib/gcc/avr/4.3.3/avr5\libgcc.a(_thenan_sf.o)
                              c:/winavr/bin/../lib/gcc/avr/4.3.3/avr5\libgcc.a(_addsub_sf.o) (__thenan_sf)
c:/winavr/bin/../lib/gcc/avr/4.3.3/avr5\libgcc.a(_prologue.o)
                              c:/winavr/bin/../lib/gcc/avr/4.3.3/avr5\libgcc.a(_addsub_sf.o) (__prologue_saves__)
c:/winavr/bin/../lib/gcc/avr/4.3.3/avr5\libgcc.a(_epilogue.o)
                              c:/winavr/bin/../lib/gcc/avr/4.3.3/avr5\libgcc.a(_addsub_sf.o) (__epilogue_restores__)
c:/winavr/bin/../lib/gcc/avr/4.3.3/avr5\libgcc.a(_pack_sf.o)
                              c:/winavr/bin/../lib/gcc/avr/4.3.3/avr5\libgcc.a(_addsub_sf.o) (__pack_f)
c:/winavr/bin/../lib/gcc/avr/4.3.3/avr5\libgcc.a(_unpack_sf.o)
                              c:/winavr/bin/../lib/gcc/avr/4.3.3/avr5\libgcc.a(_addsub_sf.o) (__unpack_f)
c:/winavr/bin/../lib/gcc/avr/4.3.3/avr5\libgcc.a(_fpcmp_parts_sf.o)
                              c:/winavr/bin/../lib/gcc/avr/4.3.3/avr5\libgcc.a(_gt_sf.o) (__fpcmp_parts_f)

Memory Configuration

Name             Origin             Length             Attributes
text             0x00000000         0x00020000         xr
data             0x00800060         0x0000ffa0         rw !x
eeprom           0x00810000         0x00010000         rw !x
fuse             0x00820000         0x00000400         rw !x
lock             0x00830000         0x00000400         rw !x
signature        0x00840000         0x00000400         rw !x
*default*        0x00000000         0xffffffff

Linker script and memory map

LOAD c:/winavr/bin/../lib/gcc/avr/4.3.3/../../../../avr/lib/avr5/crtm32.o
LOAD ./mcal/twi/twi_program.o
LOAD ./mcal/timer0/timer0_program.o
LOAD ./mcal/dio/dio_program.o
LOAD ./hal/rtc/ds3231_program.o
LOAD ./hal/lcd/lcd_program.o
LOAD ./hal/keypad/keypad_program.o
LOAD ./hal/buzzer/buzzer_program.o
LOAD ./app/rtc_app.o
LOAD ./main.o
LOAD c:/winavr/bin/../lib/gcc/avr/4.3.3/avr5\libgcc.a
LOAD c:/winavr/bin/../lib/gcc/avr/4.3.3/../../../../avr/lib/avr5\libc.a
LOAD c:/winavr/bin/../lib/gcc/avr/4.3.3/avr5\libgcc.a

.hash
 *(.hash)

.dynsym
 *(.dynsym)

.dynstr
 *(.dynstr)

.gnu.version
 *(.gnu.version)

.gnu.version_d
 *(.gnu.version_d)

.gnu.version_r
 *(.gnu.version_r)

.rel.init
 *(.rel.init)

.rela.init
 *(.rela.init)

.rel.text
 *(.rel.text)
 *(.rel.text.*)
 *(.rel.gnu.linkonce.t*)

.rela.text
 *(.rela.text)
 *(.rela.text.*)
 *(.rela.gnu.linkonce.t*)

.rel.fini
 *(.rel.fini)

.rela.fini
 *(.rela.fini)

.rel.rodata
 *(.rel.rodata)
 *(.rel.rodata.*)
 *(.rel.gnu.linkonce.r*)

.rela.rodata
 *(.rela.rodata)
 *(.rela.rodata.*)
 *(.rela.gnu.linkonce.r*)

.rel.data
 *(.rel.data)
 *(.rel.data.*)
 *(.rel.gnu.linkonce.d*)

.rela.data
 *(.rela.data)
 *(.rela.data.*)
 *(.rela.gnu.linkonce.d*)

.rel.ctors
 *(.rel.ctors)

.rela.ctors
 *(.rela.ctors)

.rel.dtors
 *(.rel.dtors)

.rela.dtors
 *(.rela.dtors)

.rel.got
 *(.rel.got)

.rela.got
 *(.rela.got)

.rel.bss
 *(.rel.bss)

.rela.bss
 *(.rela.bss)

.rel.plt
 *(.rel.plt)

.rela.plt
 *(.rela.plt)

.text           0x00000000     0x59e2
 *(.vectors)
 .vectors       0x00000000       0x54 c:/winavr/bin/../lib/gcc/avr/4.3.3/../../../../avr/lib/avr5/crtm32.o
                0x00000000                __vectors
 *(.vectors)
 *(.progmem.gcc*)
 *(.progmem*)
                0x00000054                . = ALIGN (0x2)
                0x00000054                __trampolines_start = .
 *(.trampolines)
 .trampolines   0x00000054        0x0 linker stubs
 *(.trampolines*)
                0x00000054                __trampolines_end = .
 *(.jumptables)
 *(.jumptables*)
 *(.lowtext)
 *(.lowtext*)
                0x00000054                __ctors_start = .
 *(.ctors)
                0x00000054                __ctors_end = .
                0x00000054                __dtors_start = .
 *(.dtors)
                0x00000054                __dtors_end = .
 SORT(*)(.ctors)
 SORT(*)(.dtors)
 *(.init0)
 .init0         0x00000054        0x0 c:/winavr/bin/../lib/gcc/avr/4.3.3/../../../../avr/lib/avr5/crtm32.o
                0x00000054                __init
 *(.init0)
 *(.init1)
 *(.init1)
 *(.init2)
 .init2         0x00000054        0xc c:/winavr/bin/../lib/gcc/avr/4.3.3/../../../../avr/lib/avr5/crtm32.o
 *(.init2)
 *(.init3)
 *(.init3)
 *(.init4)
 .init4         0x00000060       0x16 c:/winavr/bin/../lib/gcc/avr/4.3.3/avr5\libgcc.a(_copy_data.o)
                0x00000060                __do_copy_data
 .init4         0x00000076       0x10 c:/winavr/bin/../lib/gcc/avr/4.3.3/avr5\libgcc.a(_clear_bss.o)
                0x00000076                __do_clear_bss
 *(.init4)
 *(.init5)
 *(.init5)
 *(.init6)
 *(.init6)
 *(.init7)
 *(.init7)
 *(.init8)
 *(.init8)
 *(.init9)
 .init9         0x00000086        0x8 c:/winavr/bin/../lib/gcc/avr/4.3.3/../../../../avr/lib/avr5/crtm32.o
 *(.init9)
 *(.text)
 .text          0x0000008e        0x4 c:/winavr/bin/../lib/gcc/avr/4.3.3/../../../../avr/lib/avr5/crtm32.o
                0x0000008e                __vector_1
                0x0000008e                __vector_12
                0x0000008e                __bad_interrupt
                0x0000008e                __vector_6
                0x0000008e                __vector_3
                0x0000008e                __vector_11
                0x0000008e                __vector_13
                0x0000008e                __vector_17
                0x0000008e                __vector_19
                0x0000008e                __vector_7
                0x0000008e                __vector_5
                0x0000008e                __vector_4
                0x0000008e                __vector_9
                0x0000008e                __vector_2
                0x0000008e                __vector_15
                0x0000008e                __vector_8
                0x0000008e                __vector_14
                0x0000008e                __vector_16
                0x0000008e                __vector_18
                0x0000008e                __vector_20
 .text          0x00000092        0x0 ./mcal/twi/twi_program.o
 .text          0x00000092        0x0 ./mcal/timer0/timer0_program.o
 .text          0x00000092        0x0 ./mcal/dio/dio_program.o
 .text          0x00000092        0x0 ./hal/rtc/ds3231_program.o
 .text          0x00000092        0x0 ./hal/lcd/lcd_program.o
 .text          0x00000092        0x0 ./hal/keypad/keypad_program.o
 .text          0x00000092        0x0 ./hal/buzzer/buzzer_program.o
 .text          0x00000092        0x0 ./app/rtc_app.o
 .text          0x00000092        0x0 ./main.o
 .text          0x00000092        0x0 c:/winavr/bin/../lib/gcc/avr/4.3.3/avr5\libgcc.a(_mulsi3.o)
 .text          0x00000092        0x0 c:/winavr/bin/../lib/gcc/avr/4.3.3/avr5\libgcc.a(_udivmodqi4.o)
 .text          0x00000092        0x0 c:/winavr/bin/../lib/gcc/avr/4.3.3/avr5\libgcc.a(_udivmodhi4.o)
 .text          0x00000092        0x0 c:/winavr/bin/../lib/gcc/avr/4.3.3/avr5\libgcc.a(_udivmodsi4.o)
 .text          0x00000092        0x0 c:/winavr/bin/../lib/gcc/avr/4.3.3/avr5\libgcc.a(_exit.o)
 .text          0x00000092        0x0 c:/winavr/bin/../lib/gcc/avr/4.3.3/avr5\libgcc.a(_copy_data.o)
 .text          0x00000092        0x0 c:/winavr/bin/../lib/gcc/avr/4.3.3/avr5\libgcc.a(_clear_bss.o)
 .text          0x00000092       0x58 c:/winavr/bin/../lib/gcc/avr/4.3.3/avr5\libgcc.a(_fixunssfsi.o)
                0x00000092                __fixunssfsi
 .text          0x000000ea      0x354 c:/winavr/bin/../lib/gcc/avr/4.3.3/avr5\libgcc.a(_addsub_sf.o)
                0x00000382                __subsf3
                0x000003e4                __addsf3
 .text          0x0000043e      0x1f4 c:/winavr/bin/../lib/gcc/avr/4.3.3/avr5\libgcc.a(_mul_sf.o)
                0x0000043e                __mulsf3
 .text          0x00000632      0x158 c:/winavr/bin/../lib/gcc/avr/4.3.3/avr5\libgcc.a(_div_sf.o)
                0x00000632                __divsf3
 .text          0x0000078a       0x60 c:/winavr/bin/../lib/gcc/avr/4.3.3/avr5\libgcc.a(_gt_sf.o)
                0x0000078a                __gtsf2
 .text          0x000007ea       0x60 c:/winavr/bin/../lib/gcc/avr/4.3.3/avr5\libgcc.a(_ge_sf.o)
                0x000007ea                __gesf2
 .text          0x0000084a       0x60 c:/winavr/bin/../lib/gcc/avr/4.3.3/avr5\libgcc.a(_lt_sf.o)
                0x0000084a                __ltsf2
 .text          0x000008aa       0xa8 c:/winavr/bin/../lib/gcc/avr/4.3.3/avr5\libgcc.a(_sf_to_si.o)
                0x000008aa                __fixsfsi
 .text          0x00000952        0x0 c:/winavr/bin/../lib/gcc/avr/4.3.3/avr5\libgcc.a(_thenan_sf.o)
 .text          0x00000952        0x0 c:/winavr/bin/../lib/gcc/avr/4.3.3/avr5\libgcc.a(_prologue.o)
 .text          0x00000952        0x0 c:/winavr/bin/../lib/gcc/avr/4.3.3/avr5\libgcc.a(_epilogue.o)
 .text          0x00000952      0x1aa c:/winavr/bin/../lib/gcc/avr/4.3.3/avr5\libgcc.a(_pack_sf.o)
                0x00000952                __pack_f
 .text          0x00000afc       0xf0 c:/winavr/bin/../lib/gcc/avr/4.3.3/avr5\libgcc.a(_unpack_sf.o)
                0x00000afc                __unpack_f
 .text          0x00000bec       0xb2 c:/winavr/bin/../lib/gcc/avr/4.3.3/avr5\libgcc.a(_fpcmp_parts_sf.o)
                0x00000bec                __fpcmp_parts_f
                0x00000c9e                . = ALIGN (0x2)
 *(.text.*)
 .text.TWI_waitForInterrupt
                0x00000c9e       0x50 ./mcal/twi/twi_program.o
 .text.TWI_init
                0x00000cee       0xbe ./mcal/twi/twi_program.o
                0x00000cee                TWI_init
 .text.TWI_start
                0x00000dac       0xca ./mcal/twi/twi_program.o
                0x00000dac                TWI_start
 .text.TWI_stop
                0x00000e76       0x16 ./mcal/twi/twi_program.o
                0x00000e76                TWI_stop
 .text.TWI_write
                0x00000e8c       0x58 ./mcal/twi/twi_program.o
                0x00000e8c                TWI_write
 .text.TWI_readAck
                0x00000ee4       0x60 ./mcal/twi/twi_program.o
                0x00000ee4                TWI_readAck
 .text.TWI_readNack
                0x00000f44       0x60 ./mcal/twi/twi_program.o
                0x00000f44                TWI_readNack
 .text.Timer0_init1ms
                0x00000fa4       0x62 ./mcal/timer0/timer0_program.o
                0x00000fa4                Timer0_init1ms
 .text.Timer0_getMillis
                0x00001006       0x42 ./mcal/timer0/timer0_program.o
                0x00001006                Timer0_getMillis
 .text.__vector_default
                0x00001048       0x14 ./mcal/timer0/timer0_program.o
                0x00001048                __vector_default
 .text.__vector_10
                0x0000105c       0x56 ./mcal/timer0/timer0_program.o
                0x0000105c                __vector_10
 .text.DIO_getDDR
                0x000010b2       0x92 ./mcal/dio/dio_program.o
 .text.DIO_getPORT
                0x00001144       0x92 ./mcal/dio/dio_program.o
 .text.DIO_getPIN
                0x000011d6       0x92 ./mcal/dio/dio_program.o
 .text.DIO_setPinDirection
                0x00001268       0x70 ./mcal/dio/dio_program.o
                0x00001268                DIO_setPinDirection
 .text.DIO_setPinValue
                0x000012d8       0x70 ./mcal/dio/dio_program.o
                0x000012d8                DIO_setPinValue
 .text.DIO_getPinValue
                0x00001348       0x4c ./mcal/dio/dio_program.o
                0x00001348                DIO_getPinValue
 .text.DIO_togglePinValue
                0x00001394       0x3c ./mcal/dio/dio_program.o
                0x00001394                DIO_togglePinValue
 .text.DIO_activePullUpResistance
                0x000013d0       0x3c ./mcal/dio/dio_program.o
                0x000013d0                DIO_activePullUpResistance
 .text.DIO_setPortDirection
                0x0000140c       0x24 ./mcal/dio/dio_program.o
                0x0000140c                DIO_setPortDirection
 .text.DIO_setPortValue
                0x00001430       0x24 ./mcal/dio/dio_program.o
                0x00001430                DIO_setPortValue
 .text.DIO_getPortValue
                0x00001454       0x2e ./mcal/dio/dio_program.o
                0x00001454                DIO_getPortValue
 .text.DIO_togglePortValue
                0x00001482       0x34 ./mcal/dio/dio_program.o
                0x00001482                DIO_togglePortValue
 .text.Ds3231_bcdToDecimal
                0x000014b6       0x3a ./hal/rtc/ds3231_program.o
 .text.Ds3231_decimalToBcd
                0x000014f0       0x32 ./hal/rtc/ds3231_program.o
 .text.Ds3231_init
                0x00001522       0x1a ./hal/rtc/ds3231_program.o
                0x00001522                Ds3231_init
 .text.Ds3231_getDateTime
                0x0000153c      0x17c ./hal/rtc/ds3231_program.o
                0x0000153c                Ds3231_getDateTime
 .text.Ds3231_setDateTime
                0x000016b8      0x114 ./hal/rtc/ds3231_program.o
                0x000016b8                Ds3231_setDateTime
 .text.Ds3231_isOscillatorStopped
                0x000017cc       0x88 ./hal/rtc/ds3231_program.o
                0x000017cc                Ds3231_isOscillatorStopped
 .text.Ds3231_clearOscillatorStop
                0x00001854       0xa0 ./hal/rtc/ds3231_program.o
                0x00001854                Ds3231_clearOscillatorStop
 .text.LCD_disableJtag
                0x000018f4       0x40 ./hal/lcd/lcd_program.o
 .text.LCD_pulseEnable
                0x00001934      0x332 ./hal/lcd/lcd_program.o
 .text.LCD_sendNibble
                0x00001c66       0x64 ./hal/lcd/lcd_program.o
 .text.LCD_sendCommand
                0x00001cca      0x140 ./hal/lcd/lcd_program.o
                0x00001cca                LCD_sendCommand
 .text.LCD_displayCharacter
                0x00001e0a       0x3a ./hal/lcd/lcd_program.o
                0x00001e0a                LCD_displayCharacter
 .text.LCD_displayString
                0x00001e44       0x38 ./hal/lcd/lcd_program.o
                0x00001e44                LCD_displayString
 .text.LCD_goToRowColumn
                0x00001e7c       0x40 ./hal/lcd/lcd_program.o
                0x00001e7c                LCD_goToRowColumn
 .text.LCD_displayStringRowColumn
                0x00001ebc       0x32 ./hal/lcd/lcd_program.o
                0x00001ebc                LCD_displayStringRowColumn
 .text.LCD_clear
                0x00001eee       0x14 ./hal/lcd/lcd_program.o
                0x00001eee                LCD_clear
 .text.LCD_home
                0x00001f02       0x14 ./hal/lcd/lcd_program.o
                0x00001f02                LCD_home
 .text.LCD_init
                0x00001f16      0x5e4 ./hal/lcd/lcd_program.o
                0x00001f16                LCD_init
 .text.Keypad_scan
                0x000024fa      0x24a ./hal/keypad/keypad_program.o
 .text.Keypad_init
                0x00002744       0x1e ./hal/keypad/keypad_program.o
                0x00002744                Keypad_init
 .text.Keypad_getKey
                0x00002762       0x76 ./hal/keypad/keypad_program.o
                0x00002762                Keypad_getKey
 .text.Buzzer_init
                0x000027d8       0x2a ./hal/buzzer/buzzer_program.o
                0x000027d8                Buzzer_init
 .text.Buzzer_start
                0x00002802       0x30 ./hal/buzzer/buzzer_program.o
                0x00002802                Buzzer_start
 .text.Buzzer_stop
                0x00002832       0x20 ./hal/buzzer/buzzer_program.o
                0x00002832                Buzzer_stop
 .text.Buzzer_isOn
                0x00002852       0x12 ./hal/buzzer/buzzer_program.o
                0x00002852                Buzzer_isOn
 .text.App_markScreenDirty
                0x00002864       0x14 ./app/rtc_app.o
 .text.App_isEditMode
                0x00002878       0x38 ./app/rtc_app.o
 .text.App_setInputError
                0x000028b0       0x34 ./app/rtc_app.o
 .text.App_isInputErrorActive
                0x000028e4       0x5c ./app/rtc_app.o
 .text.App_isCurrentFieldValid
                0x00002940      0x1f4 ./app/rtc_app.o
 .text.App_restoreCurrentField
                0x00002b34       0xfa ./app/rtc_app.o
 .text.App_isEditedValueValid
                0x00002c2e       0xd2 ./app/rtc_app.o
 .text.App_numericFieldWidth
                0x00002d00       0x2e ./app/rtc_app.o
 .text.App_handleEditNavigation
                0x00002d2e       0xaa ./app/rtc_app.o
 .text.App_handleEditStep
                0x00002dd8      0x45c ./app/rtc_app.o
 .text.App_handleNumericEdit
                0x00003234      0x46c ./app/rtc_app.o
 .text.App_applyBlinkMask
                0x000036a0       0x60 ./app/rtc_app.o
 .text.App_hideSelectedField
                0x00003700       0x72 ./app/rtc_app.o
 .text.App_hideSelectedDateField
                0x00003772       0x72 ./app/rtc_app.o
 .text.App_isLeapYear
                0x000037e4       0x66 ./app/rtc_app.o
 .text.App_daysInMonth
                0x0000384a       0x5e ./app/rtc_app.o
 .text.App_isValidDateTime
                0x000038a8       0xa6 ./app/rtc_app.o
 .text.App_dayOfWeek
                0x0000394e       0xa2 ./app/rtc_app.o
 .text.App_timeToSeconds
                0x000039f0       0x92 ./app/rtc_app.o
 .text.App_secondsToCountdown
                0x00003a82       0xb6 ./app/rtc_app.o
 .text.App_secondsToStopwatch
                0x00003b38       0xb6 ./app/rtc_app.o
 .text.App_stopwatchToSeconds
                0x00003bee       0x92 ./app/rtc_app.o
 .text.App_formatTime
                0x00003c80       0xd0 ./app/rtc_app.o
 .text.App_formatDate
                0x00003d50      0x128 ./app/rtc_app.o
 .text.App_formatHourMinute
                0x00003e78       0x90 ./app/rtc_app.o
 .text.App_formatCountdown
                0x00003f08       0x3e ./app/rtc_app.o
 .text.App_formatStopwatch
                0x00003f46       0x3e ./app/rtc_app.o
 .text.App_padLine
                0x00003f84       0xac ./app/rtc_app.o
 .text.App_writeLine
                0x00004030       0x4c ./app/rtc_app.o
 .text.App_writeLine2
                0x0000407c      0x128 ./app/rtc_app.o
 .text.App_renderClock
                0x000041a4       0xd8 ./app/rtc_app.o
 .text.App_renderAlarm
                0x0000427c      0x114 ./app/rtc_app.o
 .text.App_renderStopwatch
                0x00004390      0x11e ./app/rtc_app.o
 .text.App_renderCountdown
                0x000044ae       0x4e ./app/rtc_app.o
 .text.App_renderEditMode
                0x000044fc       0xe6 ./app/rtc_app.o
 .text.App_renderEditAlarm
                0x000045e2       0x84 ./app/rtc_app.o
 .text.App_renderEditCountdown
                0x00004666       0x7e ./app/rtc_app.o
 .text.App_showCurrentScreen
                0x000046e4       0xc2 ./app/rtc_app.o
 .text.App_enterMode
                0x000047a6       0x48 ./app/rtc_app.o
 .text.App_cycleMode
                0x000047ee       0x4c ./app/rtc_app.o
 .text.App_exitEditMode
                0x0000483a       0x24 ./app/rtc_app.o
 .text.App_saveEditTime
                0x0000485e       0x9c ./app/rtc_app.o
 .text.App_saveEditDate
                0x000048fa       0x9c ./app/rtc_app.o
 .text.App_saveAlarm
                0x00004996       0x34 ./app/rtc_app.o
 .text.App_saveCountdownPreset
                0x000049ca       0x6e ./app/rtc_app.o
 .text.App_startAlarmIfNeeded
                0x00004a38       0x8c ./app/rtc_app.o
 .text.App_stopBuzzer
                0x00004ac4       0x26 ./app/rtc_app.o
 .text.App_updateStopwatch
                0x00004aea      0x144 ./app/rtc_app.o
 .text.App_updateCountdown
                0x00004c2e      0x1cc ./app/rtc_app.o
 .text.App_handleMainKeys
                0x00004dfa      0x42e ./app/rtc_app.o
 .text.App_initDefaultDate
                0x00005228      0x268 ./app/rtc_app.o
 .text.RTC_APP_init
                0x00005490      0x1ae ./app/rtc_app.o
                0x00005490                RTC_APP_init
 .text.RTC_APP_task
                0x0000563e      0x25c ./app/rtc_app.o
                0x0000563e                RTC_APP_task
 .text.main     0x0000589a       0x14 ./main.o
                0x0000589a                main
 .text.libgcc   0x000058ae       0x3e c:/winavr/bin/../lib/gcc/avr/4.3.3/avr5\libgcc.a(_mulsi3.o)
                0x000058ae                __mulsi3
 .text.libgcc   0x000058ec       0x18 c:/winavr/bin/../lib/gcc/avr/4.3.3/avr5\libgcc.a(_udivmodqi4.o)
                0x000058ec                __udivmodqi4
 .text.libgcc   0x00005904       0x28 c:/winavr/bin/../lib/gcc/avr/4.3.3/avr5\libgcc.a(_udivmodhi4.o)
                0x00005904                __udivmodhi4
 .text.libgcc   0x0000592c       0x44 c:/winavr/bin/../lib/gcc/avr/4.3.3/avr5\libgcc.a(_udivmodsi4.o)
                0x0000592c                __udivmodsi4
 .text.libgcc   0x00005970        0x0 c:/winavr/bin/../lib/gcc/avr/4.3.3/avr5\libgcc.a(_exit.o)
 .text.libgcc   0x00005970        0x0 c:/winavr/bin/../lib/gcc/avr/4.3.3/avr5\libgcc.a(_copy_data.o)
 .text.libgcc   0x00005970        0x0 c:/winavr/bin/../lib/gcc/avr/4.3.3/avr5\libgcc.a(_clear_bss.o)
 .text.libgcc   0x00005970       0x38 c:/winavr/bin/../lib/gcc/avr/4.3.3/avr5\libgcc.a(_prologue.o)
                0x00005970                __prologue_saves__
 .text.libgcc   0x000059a8       0x36 c:/winavr/bin/../lib/gcc/avr/4.3.3/avr5\libgcc.a(_epilogue.o)
                0x000059a8                __epilogue_restores__
                0x000059de                . = ALIGN (0x2)
 *(.fini9)
 .fini9         0x000059de        0x0 c:/winavr/bin/../lib/gcc/avr/4.3.3/avr5\libgcc.a(_exit.o)
                0x000059de                exit
                0x000059de                _exit
 *(.fini9)
 *(.fini8)
 *(.fini8)
 *(.fini7)
 *(.fini7)
 *(.fini6)
 *(.fini6)
 *(.fini5)
 *(.fini5)
 *(.fini4)
 *(.fini4)
 *(.fini3)
 *(.fini3)
 *(.fini2)
 *(.fini2)
 *(.fini1)
 *(.fini1)
 *(.fini0)
 .fini0         0x000059de        0x4 c:/winavr/bin/../lib/gcc/avr/4.3.3/avr5\libgcc.a(_exit.o)
 *(.fini0)
                0x000059e2                _etext = .

.data           0x00800060      0x10a load address 0x000059e2
                0x00800060                PROVIDE (__data_start, .)
 *(.data)
 .data          0x00800060        0x0 c:/winavr/bin/../lib/gcc/avr/4.3.3/../../../../avr/lib/avr5/crtm32.o
 .data          0x00800060        0x0 ./mcal/twi/twi_program.o
 .data          0x00800060        0x0 ./mcal/timer0/timer0_program.o
 .data          0x00800060        0x0 ./mcal/dio/dio_program.o
 .data          0x00800060        0x0 ./hal/rtc/ds3231_program.o
 .data          0x00800060        0x0 ./hal/lcd/lcd_program.o
 .data          0x00800060        0x0 ./hal/keypad/keypad_program.o
 .data          0x00800060        0x0 ./hal/buzzer/buzzer_program.o
 .data          0x00800060       0x97 ./app/rtc_app.o
 .data          0x008000f7        0x0 ./main.o
 .data          0x008000f7        0x0 c:/winavr/bin/../lib/gcc/avr/4.3.3/avr5\libgcc.a(_mulsi3.o)
 .data          0x008000f7        0x0 c:/winavr/bin/../lib/gcc/avr/4.3.3/avr5\libgcc.a(_udivmodqi4.o)
 .data          0x008000f7        0x0 c:/winavr/bin/../lib/gcc/avr/4.3.3/avr5\libgcc.a(_udivmodhi4.o)
 .data          0x008000f7        0x0 c:/winavr/bin/../lib/gcc/avr/4.3.3/avr5\libgcc.a(_udivmodsi4.o)
 .data          0x008000f7        0x0 c:/winavr/bin/../lib/gcc/avr/4.3.3/avr5\libgcc.a(_exit.o)
 .data          0x008000f7        0x0 c:/winavr/bin/../lib/gcc/avr/4.3.3/avr5\libgcc.a(_copy_data.o)
 .data          0x008000f7        0x0 c:/winavr/bin/../lib/gcc/avr/4.3.3/avr5\libgcc.a(_clear_bss.o)
 .data          0x008000f7        0x0 c:/winavr/bin/../lib/gcc/avr/4.3.3/avr5\libgcc.a(_fixunssfsi.o)
 .data          0x008000f7        0x0 c:/winavr/bin/../lib/gcc/avr/4.3.3/avr5\libgcc.a(_addsub_sf.o)
 .data          0x008000f7        0x0 c:/winavr/bin/../lib/gcc/avr/4.3.3/avr5\libgcc.a(_mul_sf.o)
 .data          0x008000f7        0x0 c:/winavr/bin/../lib/gcc/avr/4.3.3/avr5\libgcc.a(_div_sf.o)
 .data          0x008000f7        0x0 c:/winavr/bin/../lib/gcc/avr/4.3.3/avr5\libgcc.a(_gt_sf.o)
 .data          0x008000f7        0x0 c:/winavr/bin/../lib/gcc/avr/4.3.3/avr5\libgcc.a(_ge_sf.o)
 .data          0x008000f7        0x0 c:/winavr/bin/../lib/gcc/avr/4.3.3/avr5\libgcc.a(_lt_sf.o)
 .data          0x008000f7        0x0 c:/winavr/bin/../lib/gcc/avr/4.3.3/avr5\libgcc.a(_sf_to_si.o)
 .data          0x008000f7        0x8 c:/winavr/bin/../lib/gcc/avr/4.3.3/avr5\libgcc.a(_thenan_sf.o)
                0x008000f7                __thenan_sf
 .data          0x008000ff        0x0 c:/winavr/bin/../lib/gcc/avr/4.3.3/avr5\libgcc.a(_prologue.o)
 .data          0x008000ff        0x0 c:/winavr/bin/../lib/gcc/avr/4.3.3/avr5\libgcc.a(_epilogue.o)
 .data          0x008000ff        0x0 c:/winavr/bin/../lib/gcc/avr/4.3.3/avr5\libgcc.a(_pack_sf.o)
 .data          0x008000ff        0x0 c:/winavr/bin/../lib/gcc/avr/4.3.3/avr5\libgcc.a(_unpack_sf.o)
 .data          0x008000ff        0x0 c:/winavr/bin/../lib/gcc/avr/4.3.3/avr5\libgcc.a(_fpcmp_parts_sf.o)
 *(.data*)
 .data.g_currentTime
                0x008000ff        0x8 ./app/rtc_app.o
 .data.g_setTime
                0x00800107        0x8 ./app/rtc_app.o
 .data.g_setDate
                0x0080010f        0x8 ./app/rtc_app.o
 .data.g_alarm  0x00800117        0x2 ./app/rtc_app.o
 .data.g_alarmEdit
                0x00800119        0x2 ./app/rtc_app.o
 .data.g_countdownPreset
                0x0080011b        0x3 ./app/rtc_app.o
 .data.g_countdownEdit
                0x0080011e        0x3 ./app/rtc_app.o
 .data.g_lastShownMode
                0x00800121        0x1 ./app/rtc_app.o
 .data.g_screenDirty
                0x00800122        0x1 ./app/rtc_app.o
 .data.g_cursorVisible
                0x00800123        0x1 ./app/rtc_app.o
 *(.rodata)
 *(.rodata*)
 .rodata.columnPins.1299
                0x00800124        0x4 ./hal/keypad/keypad_program.o
 .rodata.rowPins.1298
                0x00800128        0x4 ./hal/keypad/keypad_program.o
 .rodata.keyMap.1297
                0x0080012c       0x10 ./hal/keypad/keypad_program.o
 .rodata.days.2167
                0x0080013c        0xc ./app/rtc_app.o
 .rodata.offset.2216
                0x00800148        0xc ./app/rtc_app.o
 .rodata.timeName.2880
                0x00800154        0x9 ./app/rtc_app.o
 .rodata.monthName.2879
                0x0080015d        0xc ./app/rtc_app.o
 *(.gnu.linkonce.d*)
                0x0080016a                . = ALIGN (0x2)
 *fill*         0x00800169        0x1 00
                0x0080016a                _edata = .
                0x0080016a                PROVIDE (__data_end, .)

.bss            0x0080016a       0x34
                0x0080016a                PROVIDE (__bss_start, .)
 *(.bss)
 .bss           0x0080016a        0x0 c:/winavr/bin/../lib/gcc/avr/4.3.3/../../../../avr/lib/avr5/crtm32.o
 .bss           0x0080016a        0x0 ./mcal/twi/twi_program.o
 .bss           0x0080016a        0x0 ./mcal/timer0/timer0_program.o
 .bss           0x0080016a        0x0 ./mcal/dio/dio_program.o
 .bss           0x0080016a        0x0 ./hal/rtc/ds3231_program.o
 .bss           0x0080016a        0x0 ./hal/lcd/lcd_program.o
 .bss           0x0080016a        0x0 ./hal/keypad/keypad_program.o
 .bss           0x0080016a        0x0 ./hal/buzzer/buzzer_program.o
 .bss           0x0080016a        0x0 ./app/rtc_app.o
 .bss           0x0080016a        0x0 ./main.o
 .bss           0x0080016a        0x0 c:/winavr/bin/../lib/gcc/avr/4.3.3/avr5\libgcc.a(_mulsi3.o)
 .bss           0x0080016a        0x0 c:/winavr/bin/../lib/gcc/avr/4.3.3/avr5\libgcc.a(_udivmodqi4.o)
 .bss           0x0080016a        0x0 c:/winavr/bin/../lib/gcc/avr/4.3.3/avr5\libgcc.a(_udivmodhi4.o)
 .bss           0x0080016a        0x0 c:/winavr/bin/../lib/gcc/avr/4.3.3/avr5\libgcc.a(_udivmodsi4.o)
 .bss           0x0080016a        0x0 c:/winavr/bin/../lib/gcc/avr/4.3.3/avr5\libgcc.a(_exit.o)
 .bss           0x0080016a        0x0 c:/winavr/bin/../lib/gcc/avr/4.3.3/avr5\libgcc.a(_copy_data.o)
 .bss           0x0080016a        0x0 c:/winavr/bin/../lib/gcc/avr/4.3.3/avr5\libgcc.a(_clear_bss.o)
 .bss           0x0080016a        0x0 c:/winavr/bin/../lib/gcc/avr/4.3.3/avr5\libgcc.a(_fixunssfsi.o)
 .bss           0x0080016a        0x0 c:/winavr/bin/../lib/gcc/avr/4.3.3/avr5\libgcc.a(_addsub_sf.o)
 .bss           0x0080016a        0x0 c:/winavr/bin/../lib/gcc/avr/4.3.3/avr5\libgcc.a(_mul_sf.o)
 .bss           0x0080016a        0x0 c:/winavr/bin/../lib/gcc/avr/4.3.3/avr5\libgcc.a(_div_sf.o)
 .bss           0x0080016a        0x0 c:/winavr/bin/../lib/gcc/avr/4.3.3/avr5\libgcc.a(_gt_sf.o)
 .bss           0x0080016a        0x0 c:/winavr/bin/../lib/gcc/avr/4.3.3/avr5\libgcc.a(_ge_sf.o)
 .bss           0x0080016a        0x0 c:/winavr/bin/../lib/gcc/avr/4.3.3/avr5\libgcc.a(_lt_sf.o)
 .bss           0x0080016a        0x0 c:/winavr/bin/../lib/gcc/avr/4.3.3/avr5\libgcc.a(_sf_to_si.o)
 .bss           0x0080016a        0x0 c:/winavr/bin/../lib/gcc/avr/4.3.3/avr5\libgcc.a(_thenan_sf.o)
 .bss           0x0080016a        0x0 c:/winavr/bin/../lib/gcc/avr/4.3.3/avr5\libgcc.a(_prologue.o)
 .bss           0x0080016a        0x0 c:/winavr/bin/../lib/gcc/avr/4.3.3/avr5\libgcc.a(_epilogue.o)
 .bss           0x0080016a        0x0 c:/winavr/bin/../lib/gcc/avr/4.3.3/avr5\libgcc.a(_pack_sf.o)
 .bss           0x0080016a        0x0 c:/winavr/bin/../lib/gcc/avr/4.3.3/avr5\libgcc.a(_unpack_sf.o)
 .bss           0x0080016a        0x0 c:/winavr/bin/../lib/gcc/avr/4.3.3/avr5\libgcc.a(_fpcmp_parts_sf.o)
 *(.bss*)
 .bss.g_millis  0x0080016a        0x4 ./mcal/timer0/timer0_program.o
 .bss.stableCount.1354
                0x0080016e        0x1 ./hal/keypad/keypad_program.o
 .bss.lockedKey.1353
                0x0080016f        0x1 ./hal/keypad/keypad_program.o
 .bss.lastSample.1352
                0x00800170        0x1 ./hal/keypad/keypad_program.o
 .bss.g_buzzerActive
                0x00800171        0x1 ./hal/buzzer/buzzer_program.o
 .bss.g_mode    0x00800172        0x1 ./app/rtc_app.o
 .bss.g_returnMode
                0x00800173        0x1 ./app/rtc_app.o
 .bss.g_editField
                0x00800174        0x1 ./app/rtc_app.o
 .bss.g_numericDigits
                0x00800175        0x1 ./app/rtc_app.o
 .bss.g_previousFieldValue
                0x00800176        0x2 ./app/rtc_app.o
 .bss.g_alarmEnabled
                0x00800178        0x1 ./app/rtc_app.o
 .bss.g_alarmTriggeredToday
                0x00800179        0x1 ./app/rtc_app.o
 .bss.g_buzzerSource
                0x0080017a        0x1 ./app/rtc_app.o
 .bss.g_stopwatch
                0x0080017b        0x3 ./app/rtc_app.o
 .bss.g_stopwatchBaseMs
                0x0080017e        0x4 ./app/rtc_app.o
 .bss.g_countdownBaseMs
                0x00800182        0x4 ./app/rtc_app.o
 .bss.g_stopwatchRunning
                0x00800186        0x1 ./app/rtc_app.o
 .bss.g_countdownRunning
                0x00800187        0x1 ./app/rtc_app.o
 .bss.g_buzzerStopAtMs
                0x00800188        0x4 ./app/rtc_app.o
 .bss.g_lastDisplayMs
                0x0080018c        0x4 ./app/rtc_app.o
 .bss.g_lastRtcReadMs
                0x00800190        0x4 ./app/rtc_app.o
 .bss.g_lastCursorBlinkMs
                0x00800194        0x4 ./app/rtc_app.o
 .bss.g_rtcError
                0x00800198        0x1 ./app/rtc_app.o
 .bss.g_inputError
                0x00800199        0x1 ./app/rtc_app.o
 .bss.g_inputErrorStartedAtMs
                0x0080019a        0x4 ./app/rtc_app.o
 *(COMMON)
                0x0080019e                PROVIDE (__bss_end, .)
                0x000059e2                __data_load_start = LOADADDR (.data)
                0x00005aec                __data_load_end = (__data_load_start + SIZEOF (.data))

.noinit         0x0080019e        0x0
                0x0080019e                PROVIDE (__noinit_start, .)
 *(.noinit*)
                0x0080019e                PROVIDE (__noinit_end, .)
                0x0080019e                _end = .
                0x0080019e                PROVIDE (__heap_start, .)

.eeprom         0x00810000        0x0
 *(.eeprom*)
                0x00810000                __eeprom_end = .

.fuse
 *(.fuse)
 *(.lfuse)
 *(.hfuse)
 *(.efuse)

.lock
 *(.lock*)

.signature
 *(.signature*)

.stab           0x00000000     0x5ca0
 *(.stab)
 .stab          0x00000000      0x738 ./mcal/twi/twi_program.o
 .stab          0x00000738      0x318 ./mcal/timer0/timer0_program.o
                                0x4d4 (size before relaxing)
 .stab          0x00000a50      0x564 ./mcal/dio/dio_program.o
                                0x720 (size before relaxing)
 .stab          0x00000fb4      0x84c ./hal/rtc/ds3231_program.o
                                0xa08 (size before relaxing)
 .stab          0x00001800      0xccc ./hal/lcd/lcd_program.o
                                0xe88 (size before relaxing)
 .stab          0x000024cc      0x558 ./hal/keypad/keypad_program.o
                                0x714 (size before relaxing)
 .stab          0x00002a24      0x2b8 ./hal/buzzer/buzzer_program.o
                                0x474 (size before relaxing)
 .stab          0x00002cdc     0x2e68 ./app/rtc_app.o
                               0x3030 (size before relaxing)
 .stab          0x00005b44      0x15c ./main.o
                                0x324 (size before relaxing)

.stabstr        0x00000000     0x2453
 *(.stabstr)
 .stabstr       0x00000000     0x2453 ./mcal/twi/twi_program.o

.stab.excl
 *(.stab.excl)

.stab.exclstr
 *(.stab.exclstr)

.stab.index
 *(.stab.index)

.stab.indexstr
 *(.stab.indexstr)

.comment
 *(.comment)

.debug
 *(.debug)

.line
 *(.line)

.debug_srcinfo
 *(.debug_srcinfo)

.debug_sfnames
 *(.debug_sfnames)

.debug_aranges  0x00000000      0x160
 *(.debug_aranges)
 .debug_aranges
                0x00000000       0x20 c:/winavr/bin/../lib/gcc/avr/4.3.3/avr5\libgcc.a(_fixunssfsi.o)
 .debug_aranges
                0x00000020       0x20 c:/winavr/bin/../lib/gcc/avr/4.3.3/avr5\libgcc.a(_addsub_sf.o)
 .debug_aranges
                0x00000040       0x20 c:/winavr/bin/../lib/gcc/avr/4.3.3/avr5\libgcc.a(_mul_sf.o)
 .debug_aranges
                0x00000060       0x20 c:/winavr/bin/../lib/gcc/avr/4.3.3/avr5\libgcc.a(_div_sf.o)
 .debug_aranges
                0x00000080       0x20 c:/winavr/bin/../lib/gcc/avr/4.3.3/avr5\libgcc.a(_gt_sf.o)
 .debug_aranges
                0x000000a0       0x20 c:/winavr/bin/../lib/gcc/avr/4.3.3/avr5\libgcc.a(_ge_sf.o)
 .debug_aranges
                0x000000c0       0x20 c:/winavr/bin/../lib/gcc/avr/4.3.3/avr5\libgcc.a(_lt_sf.o)
 .debug_aranges
                0x000000e0       0x20 c:/winavr/bin/../lib/gcc/avr/4.3.3/avr5\libgcc.a(_sf_to_si.o)
 .debug_aranges
                0x00000100       0x20 c:/winavr/bin/../lib/gcc/avr/4.3.3/avr5\libgcc.a(_pack_sf.o)
 .debug_aranges
                0x00000120       0x20 c:/winavr/bin/../lib/gcc/avr/4.3.3/avr5\libgcc.a(_unpack_sf.o)
 .debug_aranges
                0x00000140       0x20 c:/winavr/bin/../lib/gcc/avr/4.3.3/avr5\libgcc.a(_fpcmp_parts_sf.o)

.debug_pubnames
                0x00000000      0x18f
 *(.debug_pubnames)
 .debug_pubnames
                0x00000000       0x23 c:/winavr/bin/../lib/gcc/avr/4.3.3/avr5\libgcc.a(_fixunssfsi.o)
 .debug_pubnames
                0x00000023       0x2c c:/winavr/bin/../lib/gcc/avr/4.3.3/avr5\libgcc.a(_addsub_sf.o)
 .debug_pubnames
                0x0000004f       0x1f c:/winavr/bin/../lib/gcc/avr/4.3.3/avr5\libgcc.a(_mul_sf.o)
 .debug_pubnames
                0x0000006e       0x1f c:/winavr/bin/../lib/gcc/avr/4.3.3/avr5\libgcc.a(_div_sf.o)
 .debug_pubnames
                0x0000008d       0x1e c:/winavr/bin/../lib/gcc/avr/4.3.3/avr5\libgcc.a(_gt_sf.o)
 .debug_pubnames
                0x000000ab       0x1e c:/winavr/bin/../lib/gcc/avr/4.3.3/avr5\libgcc.a(_ge_sf.o)
 .debug_pubnames
                0x000000c9       0x1e c:/winavr/bin/../lib/gcc/avr/4.3.3/avr5\libgcc.a(_lt_sf.o)
 .debug_pubnames
                0x000000e7       0x20 c:/winavr/bin/../lib/gcc/avr/4.3.3/avr5\libgcc.a(_sf_to_si.o)
 .debug_pubnames
                0x00000107       0x22 c:/winavr/bin/../lib/gcc/avr/4.3.3/avr5\libgcc.a(_thenan_sf.o)
 .debug_pubnames
                0x00000129       0x1f c:/winavr/bin/../lib/gcc/avr/4.3.3/avr5\libgcc.a(_pack_sf.o)
 .debug_pubnames
                0x00000148       0x21 c:/winavr/bin/../lib/gcc/avr/4.3.3/avr5\libgcc.a(_unpack_sf.o)
 .debug_pubnames
                0x00000169       0x26 c:/winavr/bin/../lib/gcc/avr/4.3.3/avr5\libgcc.a(_fpcmp_parts_sf.o)

.debug_info     0x00000000     0x2045
 *(.debug_info)
 .debug_info    0x00000000       0xb1 c:/winavr/bin/../lib/gcc/avr/4.3.3/avr5\libgcc.a(_fixunssfsi.o)
 .debug_info    0x000000b1      0x47a c:/winavr/bin/../lib/gcc/avr/4.3.3/avr5\libgcc.a(_addsub_sf.o)
 .debug_info    0x0000052b      0x485 c:/winavr/bin/../lib/gcc/avr/4.3.3/avr5\libgcc.a(_mul_sf.o)
 .debug_info    0x000009b0      0x3fc c:/winavr/bin/../lib/gcc/avr/4.3.3/avr5\libgcc.a(_div_sf.o)
 .debug_info    0x00000dac      0x27f c:/winavr/bin/../lib/gcc/avr/4.3.3/avr5\libgcc.a(_gt_sf.o)
 .debug_info    0x0000102b      0x27f c:/winavr/bin/../lib/gcc/avr/4.3.3/avr5\libgcc.a(_ge_sf.o)
 .debug_info    0x000012aa      0x27f c:/winavr/bin/../lib/gcc/avr/4.3.3/avr5\libgcc.a(_lt_sf.o)
 .debug_info    0x00001529      0x2b0 c:/winavr/bin/../lib/gcc/avr/4.3.3/avr5\libgcc.a(_sf_to_si.o)
 .debug_info    0x000017d9      0x12c c:/winavr/bin/../lib/gcc/avr/4.3.3/avr5\libgcc.a(_thenan_sf.o)
 .debug_info    0x00001905      0x2df c:/winavr/bin/../lib/gcc/avr/4.3.3/avr5\libgcc.a(_pack_sf.o)
 .debug_info    0x00001be4      0x251 c:/winavr/bin/../lib/gcc/avr/4.3.3/avr5\libgcc.a(_unpack_sf.o)
 .debug_info    0x00001e35      0x210 c:/winavr/bin/../lib/gcc/avr/4.3.3/avr5\libgcc.a(_fpcmp_parts_sf.o)
 *(.gnu.linkonce.wi.*)

.debug_abbrev   0x00000000     0x1101
 *(.debug_abbrev)
 .debug_abbrev  0x00000000       0x5d c:/winavr/bin/../lib/gcc/avr/4.3.3/avr5\libgcc.a(_fixunssfsi.o)
 .debug_abbrev  0x0000005d      0x1ea c:/winavr/bin/../lib/gcc/avr/4.3.3/avr5\libgcc.a(_addsub_sf.o)
 .debug_abbrev  0x00000247      0x21b c:/winavr/bin/../lib/gcc/avr/4.3.3/avr5\libgcc.a(_mul_sf.o)
 .debug_abbrev  0x00000462      0x216 c:/winavr/bin/../lib/gcc/avr/4.3.3/avr5\libgcc.a(_div_sf.o)
 .debug_abbrev  0x00000678      0x15a c:/winavr/bin/../lib/gcc/avr/4.3.3/avr5\libgcc.a(_gt_sf.o)
 .debug_abbrev  0x000007d2      0x15a c:/winavr/bin/../lib/gcc/avr/4.3.3/avr5\libgcc.a(_ge_sf.o)
 .debug_abbrev  0x0000092c      0x15a c:/winavr/bin/../lib/gcc/avr/4.3.3/avr5\libgcc.a(_lt_sf.o)
 .debug_abbrev  0x00000a86      0x17f c:/winavr/bin/../lib/gcc/avr/4.3.3/avr5\libgcc.a(_sf_to_si.o)
 .debug_abbrev  0x00000c05       0xad c:/winavr/bin/../lib/gcc/avr/4.3.3/avr5\libgcc.a(_thenan_sf.o)
 .debug_abbrev  0x00000cb2      0x1c0 c:/winavr/bin/../lib/gcc/avr/4.3.3/avr5\libgcc.a(_pack_sf.o)
 .debug_abbrev  0x00000e72      0x154 c:/winavr/bin/../lib/gcc/avr/4.3.3/avr5\libgcc.a(_unpack_sf.o)
 .debug_abbrev  0x00000fc6      0x13b c:/winavr/bin/../lib/gcc/avr/4.3.3/avr5\libgcc.a(_fpcmp_parts_sf.o)

.debug_line     0x00000000      0xf82
 *(.debug_line)
 .debug_line    0x00000000       0xa7 c:/winavr/bin/../lib/gcc/avr/4.3.3/avr5\libgcc.a(_fixunssfsi.o)
 .debug_line    0x000000a7      0x2af c:/winavr/bin/../lib/gcc/avr/4.3.3/avr5\libgcc.a(_addsub_sf.o)
 .debug_line    0x00000356      0x239 c:/winavr/bin/../lib/gcc/avr/4.3.3/avr5\libgcc.a(_mul_sf.o)
 .debug_line    0x0000058f      0x1d5 c:/winavr/bin/../lib/gcc/avr/4.3.3/avr5\libgcc.a(_div_sf.o)
 .debug_line    0x00000764       0xd3 c:/winavr/bin/../lib/gcc/avr/4.3.3/avr5\libgcc.a(_gt_sf.o)
 .debug_line    0x00000837       0xd3 c:/winavr/bin/../lib/gcc/avr/4.3.3/avr5\libgcc.a(_ge_sf.o)
 .debug_line    0x0000090a       0xd3 c:/winavr/bin/../lib/gcc/avr/4.3.3/avr5\libgcc.a(_lt_sf.o)
 .debug_line    0x000009dd      0x109 c:/winavr/bin/../lib/gcc/avr/4.3.3/avr5\libgcc.a(_sf_to_si.o)
 .debug_line    0x00000ae6       0x90 c:/winavr/bin/../lib/gcc/avr/4.3.3/avr5\libgcc.a(_thenan_sf.o)
 .debug_line    0x00000b76      0x18a c:/winavr/bin/../lib/gcc/avr/4.3.3/avr5\libgcc.a(_pack_sf.o)
 .debug_line    0x00000d00      0x14b c:/winavr/bin/../lib/gcc/avr/4.3.3/avr5\libgcc.a(_unpack_sf.o)
 .debug_line    0x00000e4b      0x137 c:/winavr/bin/../lib/gcc/avr/4.3.3/avr5\libgcc.a(_fpcmp_parts_sf.o)

.debug_frame    0x00000000      0x180
 *(.debug_frame)
 .debug_frame   0x00000000       0x20 c:/winavr/bin/../lib/gcc/avr/4.3.3/avr5\libgcc.a(_fixunssfsi.o)
 .debug_frame   0x00000020       0x40 c:/winavr/bin/../lib/gcc/avr/4.3.3/avr5\libgcc.a(_addsub_sf.o)
 .debug_frame   0x00000060       0x20 c:/winavr/bin/../lib/gcc/avr/4.3.3/avr5\libgcc.a(_mul_sf.o)
 .debug_frame   0x00000080       0x20 c:/winavr/bin/../lib/gcc/avr/4.3.3/avr5\libgcc.a(_div_sf.o)
 .debug_frame   0x000000a0       0x20 c:/winavr/bin/../lib/gcc/avr/4.3.3/avr5\libgcc.a(_gt_sf.o)
 .debug_frame   0x000000c0       0x20 c:/winavr/bin/../lib/gcc/avr/4.3.3/avr5\libgcc.a(_ge_sf.o)
 .debug_frame   0x000000e0       0x20 c:/winavr/bin/../lib/gcc/avr/4.3.3/avr5\libgcc.a(_lt_sf.o)
 .debug_frame   0x00000100       0x20 c:/winavr/bin/../lib/gcc/avr/4.3.3/avr5\libgcc.a(_sf_to_si.o)
 .debug_frame   0x00000120       0x20 c:/winavr/bin/../lib/gcc/avr/4.3.3/avr5\libgcc.a(_pack_sf.o)
 .debug_frame   0x00000140       0x20 c:/winavr/bin/../lib/gcc/avr/4.3.3/avr5\libgcc.a(_unpack_sf.o)
 .debug_frame   0x00000160       0x20 c:/winavr/bin/../lib/gcc/avr/4.3.3/avr5\libgcc.a(_fpcmp_parts_sf.o)

.debug_str      0x00000000      0x2c2
 *(.debug_str)
 .debug_str     0x00000000       0xbf c:/winavr/bin/../lib/gcc/avr/4.3.3/avr5\libgcc.a(_fixunssfsi.o)
                                 0xfe (size before relaxing)
 .debug_str     0x000000bf      0x14d c:/winavr/bin/../lib/gcc/avr/4.3.3/avr5\libgcc.a(_addsub_sf.o)
                                0x206 (size before relaxing)
 .debug_str     0x0000020c       0x27 c:/winavr/bin/../lib/gcc/avr/4.3.3/avr5\libgcc.a(_mul_sf.o)
                                0x1bf (size before relaxing)
 .debug_str     0x00000233       0x35 c:/winavr/bin/../lib/gcc/avr/4.3.3/avr5\libgcc.a(_div_sf.o)
                                0x1c8 (size before relaxing)
 .debug_str     0x00000268        0xf c:/winavr/bin/../lib/gcc/avr/4.3.3/avr5\libgcc.a(_gt_sf.o)
                                0x195 (size before relaxing)
 .debug_str     0x00000277        0x8 c:/winavr/bin/../lib/gcc/avr/4.3.3/avr5\libgcc.a(_ge_sf.o)
                                0x195 (size before relaxing)
 .debug_str     0x0000027f        0x8 c:/winavr/bin/../lib/gcc/avr/4.3.3/avr5\libgcc.a(_lt_sf.o)
                                0x195 (size before relaxing)
 .debug_str     0x00000287        0xa c:/winavr/bin/../lib/gcc/avr/4.3.3/avr5\libgcc.a(_sf_to_si.o)
                                0x19e (size before relaxing)
 .debug_str     0x00000000      0x103 c:/winavr/bin/../lib/gcc/avr/4.3.3/avr5\libgcc.a(_thenan_sf.o)
 .debug_str     0x00000291       0x16 c:/winavr/bin/../lib/gcc/avr/4.3.3/avr5\libgcc.a(_pack_sf.o)
                                0x19d (size before relaxing)
 .debug_str     0x000002a7        0xb c:/winavr/bin/../lib/gcc/avr/4.3.3/avr5\libgcc.a(_unpack_sf.o)
                                0x17f (size before relaxing)
 .debug_str     0x000002b2       0x10 c:/winavr/bin/../lib/gcc/avr/4.3.3/avr5\libgcc.a(_fpcmp_parts_sf.o)
                                0x163 (size before relaxing)

.debug_loc      0x00000000      0x88e
 *(.debug_loc)
 .debug_loc     0x00000000       0x34 c:/winavr/bin/../lib/gcc/avr/4.3.3/avr5\libgcc.a(_fixunssfsi.o)
 .debug_loc     0x00000034      0x32a c:/winavr/bin/../lib/gcc/avr/4.3.3/avr5\libgcc.a(_addsub_sf.o)
 .debug_loc     0x0000035e      0x104 c:/winavr/bin/../lib/gcc/avr/4.3.3/avr5\libgcc.a(_mul_sf.o)
 .debug_loc     0x00000462       0xc0 c:/winavr/bin/../lib/gcc/avr/4.3.3/avr5\libgcc.a(_div_sf.o)
 .debug_loc     0x00000522       0x3c c:/winavr/bin/../lib/gcc/avr/4.3.3/avr5\libgcc.a(_gt_sf.o)
 .debug_loc     0x0000055e       0x3c c:/winavr/bin/../lib/gcc/avr/4.3.3/avr5\libgcc.a(_ge_sf.o)
 .debug_loc     0x0000059a       0x3c c:/winavr/bin/../lib/gcc/avr/4.3.3/avr5\libgcc.a(_lt_sf.o)
 .debug_loc     0x000005d6       0x7e c:/winavr/bin/../lib/gcc/avr/4.3.3/avr5\libgcc.a(_sf_to_si.o)
 .debug_loc     0x00000654      0x13e c:/winavr/bin/../lib/gcc/avr/4.3.3/avr5\libgcc.a(_pack_sf.o)
 .debug_loc     0x00000792       0xac c:/winavr/bin/../lib/gcc/avr/4.3.3/avr5\libgcc.a(_unpack_sf.o)
 .debug_loc     0x0000083e       0x50 c:/winavr/bin/../lib/gcc/avr/4.3.3/avr5\libgcc.a(_fpcmp_parts_sf.o)

.debug_macinfo
 *(.debug_macinfo)
OUTPUT(RRTTCC.elf elf32-avr)
LOAD linker stubs

.debug_ranges   0x00000000       0x50
 .debug_ranges  0x00000000       0x50 c:/winavr/bin/../lib/gcc/avr/4.3.3/avr5\libgcc.a(_mul_sf.o)
